
> bbc-sponsor-app@0.1.0 test
> playwright test

[dotenv@17.2.3] injecting env (8) from .env.local -- tip: ⚙️  override existing env vars with { override: true }

Running 12 tests using 7 workers

[1A[2K[dotenv@17.2.3] injecting env (0) from .env.local -- tip: 🔑 add access controls to secrets: https://dotenvx.com/ops

[1A[2K(node:1031) Warning: The 'NO_COLOR' env is ignored due to the 'FORCE_COLOR' env being set.
(Use `node --trace-warnings ...` to show where the warning was created)

[1A[2K[dotenv@17.2.3] injecting env (0) from .env.local -- tip: 👥 sync secrets across teammates & machines: https://dotenvx.com/ops

[1A[2K[dotenv@17.2.3] injecting env (0) from .env.local -- tip: ⚙️  write to custom object with { processEnv: myObject }

[1A[2K(node:1025) Warning: The 'NO_COLOR' env is ignored due to the 'FORCE_COLOR' env being set.
(Use `node --trace-warnings ...` to show where the warning was created)

[1A[2K(node:1027) Warning: The 'NO_COLOR' env is ignored due to the 'FORCE_COLOR' env being set.
(Use `node --trace-warnings ...` to show where the warning was created)

[1A[2K[dotenv@17.2.3] injecting env (0) from .env.local -- tip: 🔐 prevent building .env in docker: https://dotenvx.com/prebuild

[1A[2K[dotenv@17.2.3] injecting env (0) from .env.local -- tip: ✅ audit secrets and track compliance: https://dotenvx.com/ops

[1A[2K(node:1028) Warning: The 'NO_COLOR' env is ignored due to the 'FORCE_COLOR' env being set.
(Use `node --trace-warnings ...` to show where the warning was created)

[1A[2K(node:1026) Warning: The 'NO_COLOR' env is ignored due to the 'FORCE_COLOR' env being set.
(Use `node --trace-warnings ...` to show where the warning was created)

[1A[2K[dotenv@17.2.3] injecting env (0) from .env.local -- tip: 🔄 add secrets lifecycle management: https://dotenvx.com/ops

[1A[2K(node:1024) Warning: The 'NO_COLOR' env is ignored due to the 'FORCE_COLOR' env being set.
(Use `node --trace-warnings ...` to show where the warning was created)

[1A[2K[dotenv@17.2.3] injecting env (0) from .env.local -- tip: 👥 sync secrets across teammates & machines: https://dotenvx.com/ops

[1A[2K(node:1030) Warning: The 'NO_COLOR' env is ignored due to the 'FORCE_COLOR' env being set.
(Use `node --trace-warnings ...` to show where the warning was created)

[1A[2K[1/12] [chromium] › tests/auth.spec.ts:62:3 › Authentication Flow › successful magic link request shows success message
[1A[2K[2/12] [chromium] › tests/auth.spec.ts:13:3 › Authentication Flow › shows validation error for empty email submission
[1A[2K[3/12] [chromium] › tests/auth.spec.ts:4:3 › Authentication Flow › login page renders correctly
[1A[2K[4/12] [chromium] › tests/auth.spec.ts:31:3 › Authentication Flow › handles Supabase auth error gracefully
[1A[2K[5/12] [chromium] › tests/sponsor-admin.spec.ts:22:3 › Sponsor Admin Dashboard › navigation links are visible
[1A[2K[6/12] [chromium] › tests/sponsor-admin.spec.ts:5:3 › Sponsor Admin Dashboard › dashboard loads and shows sponsor information
[1A[2K[7/12] [chromium] › tests/sponsor-admin.spec.ts:37:3 › Sponsor Admin Dashboard › can navigate to profile page
[1A[2K[8/12] [chromium] › tests/sponsor-admin.spec.ts:52:3 › Sponsor Admin Dashboard › can navigate to promotions page
[1A[2K[9/12] [chromium] › tests/sponsor-creation.spec.ts:5:3 › Sponsor Creation Flow › sponsor creation form renders all fields
[1A[2K[10/12] [chromium] › tests/sponsor-creation.spec.ts:19:3 › Sponsor Creation Flow › shows validation errors for empty required fields
[1A[2K[11/12] [chromium] › tests/sponsor-creation.spec.ts:41:3 › Sponsor Creation Flow › can create a new sponsor
[1A[2K[chromium] › tests/sponsor-admin.spec.ts:37:3 › Sponsor Admin Dashboard › can navigate to profile page
Store initialization check timed out, continuing...

[1A[2K[chromium] › tests/sponsor-admin.spec.ts:5:3 › Sponsor Admin Dashboard › dashboard loads and shows sponsor information
Store initialization check timed out, continuing...

[1A[2K[chromium] › tests/sponsor-admin.spec.ts:52:3 › Sponsor Admin Dashboard › can navigate to promotions page
Store initialization check timed out, continuing...

[1A[2K[chromium] › tests/sponsor-admin.spec.ts:22:3 › Sponsor Admin Dashboard › navigation links are visible
Store initialization check timed out, continuing...

[1A[2K  1) [chromium] › tests/sponsor-admin.spec.ts:5:3 › Sponsor Admin Dashboard › dashboard loads and shows sponsor information 

    TimeoutError: page.waitForSelector: Timeout 10000ms exceeded.
    Call log:
    [2m  - waiting for locator('text=/dashboard|no sponsor associated/i') to be visible[22m


       8 |     // Wait for page to load - check for either dashboard content or error message
       9 |     // The page will show either the dashboard or an error, so wait for one of them
    > 10 |     await page.waitForSelector('text=/dashboard|no sponsor associated/i', { timeout: 10000 });
         |                ^
      11 |     
      12 |     // Should show dashboard content (not the error message)
      13 |     const hasError = await page.getByText(/no sponsor associated/i).isVisible().catch(() => false);
        at /Users/paulhainsworth/BBC-sponsor/tests/sponsor-admin.spec.ts:10:16

    attachment #1: screenshot (image/png) ──────────────────────────────────────────────────────────
    test-results/sponsor-admin-Sponsor-Admi-a90a0-d-shows-sponsor-information-chromium/test-failed-1.png
    ────────────────────────────────────────────────────────────────────────────────────────────────

    Error Context: test-results/sponsor-admin-Sponsor-Admi-a90a0-d-shows-sponsor-information-chromium/error-context.md


[1A[2K[dotenv@17.2.3] injecting env (0) from .env.local -- tip: 🛠️  run anywhere with `dotenvx run -- yourcommand`

[1A[2K(node:1327) Warning: The 'NO_COLOR' env is ignored due to the 'FORCE_COLOR' env being set.
(Use `node --trace-warnings ...` to show where the warning was created)

[1A[2K[12/12] [chromium] › tests/sponsor-creation.spec.ts:83:3 › Sponsor Creation Flow › can create sponsor with admin email
[1A[2K  2) [chromium] › tests/sponsor-creation.spec.ts:19:3 › Sponsor Creation Flow › shows validation errors for empty required fields 

    Error: [2mexpect([22m[31mlocator[39m[2m).[22mtoBeVisible[2m([22m[2m)[22m failed

    Locator: getByLabel(/sponsor name/i)
    Expected: visible
    Timeout: 10000ms
    Error: element(s) not found

    Call log:
    [2m  - Expect "toBeVisible" with timeout 10000ms[22m
    [2m  - waiting for getByLabel(/sponsor name/i)[22m


      22 |     // Wait for form to load
      23 |     await page.waitForTimeout(3000);
    > 24 |     await expect(page.getByLabel(/sponsor name/i)).toBeVisible({ timeout: 10000 });
         |                                                    ^
      25 |     
      26 |     // Try to submit without filling required fields (name and categories are required)
      27 |     await page.getByRole('button', { name: /create sponsor/i }).click();
        at /Users/paulhainsworth/BBC-sponsor/tests/sponsor-creation.spec.ts:24:52

    attachment #1: screenshot (image/png) ──────────────────────────────────────────────────────────
    test-results/sponsor-creation-Sponsor-C-b5b45-s-for-empty-required-fields-chromium/test-failed-1.png
    ────────────────────────────────────────────────────────────────────────────────────────────────

    Error Context: test-results/sponsor-creation-Sponsor-C-b5b45-s-for-empty-required-fields-chromium/error-context.md


[1A[2K  3) [chromium] › tests/sponsor-creation.spec.ts:5:3 › Sponsor Creation Flow › sponsor creation form renders all fields 

    Error: [2mexpect([22m[31mlocator[39m[2m).[22mtoBeVisible[2m([22m[2m)[22m failed

    Locator: getByLabel(/sponsor name/i)
    Expected: visible
    Timeout: 10000ms
    Error: element(s) not found

    Call log:
    [2m  - Expect "toBeVisible" with timeout 10000ms[22m
    [2m  - waiting for getByLabel(/sponsor name/i)[22m


      10 |     
      11 |     // Check required fields - wait for them to appear
    > 12 |     await expect(page.getByLabel(/sponsor name/i)).toBeVisible({ timeout: 10000 });
         |                                                    ^
      13 |     await expect(page.getByLabel(/tagline/i)).toBeVisible({ timeout: 5000 });
      14 |     await expect(page.getByLabel(/description/i)).toBeVisible({ timeout: 5000 });
      15 |     await expect(page.getByLabel(/website url/i)).toBeVisible({ timeout: 5000 });
        at /Users/paulhainsworth/BBC-sponsor/tests/sponsor-creation.spec.ts:12:52

    attachment #1: screenshot (image/png) ──────────────────────────────────────────────────────────
    test-results/sponsor-creation-Sponsor-C-43c97-ion-form-renders-all-fields-chromium/test-failed-1.png
    ────────────────────────────────────────────────────────────────────────────────────────────────

    Error Context: test-results/sponsor-creation-Sponsor-C-43c97-ion-form-renders-all-fields-chromium/error-context.md


[1A[2K  4) [chromium] › tests/sponsor-creation.spec.ts:41:3 › Sponsor Creation Flow › can create a new sponsor 

    Error: [2mexpect([22m[31mlocator[39m[2m).[22mtoBeVisible[2m([22m[2m)[22m failed

    Locator: getByLabel(/sponsor name/i)
    Expected: visible
    Timeout: 10000ms
    Error: element(s) not found

    Call log:
    [2m  - Expect "toBeVisible" with timeout 10000ms[22m
    [2m  - waiting for getByLabel(/sponsor name/i)[22m


      61 |     // Wait for form to load
      62 |     await page.waitForTimeout(3000);
    > 63 |     await expect(page.getByLabel(/sponsor name/i)).toBeVisible({ timeout: 10000 });
         |                                                    ^
      64 |     
      65 |     // Fill in the form (name and at least one category are required)
      66 |     await page.getByLabel(/sponsor name/i).fill('Test Sponsor');
        at /Users/paulhainsworth/BBC-sponsor/tests/sponsor-creation.spec.ts:63:52

    attachment #1: screenshot (image/png) ──────────────────────────────────────────────────────────
    test-results/sponsor-creation-Sponsor-C-723f8-ow-can-create-a-new-sponsor-chromium/test-failed-1.png
    ────────────────────────────────────────────────────────────────────────────────────────────────

    Error Context: test-results/sponsor-creation-Sponsor-C-723f8-ow-can-create-a-new-sponsor-chromium/error-context.md


[1A[2K  5) [chromium] › tests/sponsor-admin.spec.ts:37:3 › Sponsor Admin Dashboard › can navigate to profile page 

    Error: [2mexpect([22m[31mlocator[39m[2m).[22mtoBeVisible[2m([22m[2m)[22m failed

    Locator: getByRole('link', { name: /profile/i })
    Expected: visible
    Timeout: 10000ms
    Error: element(s) not found

    Call log:
    [2m  - Expect "toBeVisible" with timeout 10000ms[22m
    [2m  - waiting for getByRole('link', { name: /profile/i })[22m


      43 |     // Try to find and click the profile link
      44 |     const profileLink = page.getByRole('link', { name: /profile/i });
    > 45 |     await expect(profileLink).toBeVisible({ timeout: 10000 });
         |                               ^
      46 |     await profileLink.click();
      47 |     
      48 |     // Should navigate to profile page
        at /Users/paulhainsworth/BBC-sponsor/tests/sponsor-admin.spec.ts:45:31

    attachment #1: screenshot (image/png) ──────────────────────────────────────────────────────────
    test-results/sponsor-admin-Sponsor-Admi-caef2-an-navigate-to-profile-page-chromium/test-failed-1.png
    ────────────────────────────────────────────────────────────────────────────────────────────────

    Error Context: test-results/sponsor-admin-Sponsor-Admi-caef2-an-navigate-to-profile-page-chromium/error-context.md


[1A[2K  6) [chromium] › tests/sponsor-admin.spec.ts:52:3 › Sponsor Admin Dashboard › can navigate to promotions page 

    Error: [2mexpect([22m[31mlocator[39m[2m).[22mtoBeVisible[2m([22m[2m)[22m failed

    Locator: getByRole('link', { name: /promotions/i })
    Expected: visible
    Timeout: 10000ms
    Error: element(s) not found

    Call log:
    [2m  - Expect "toBeVisible" with timeout 10000ms[22m
    [2m  - waiting for getByRole('link', { name: /promotions/i })[22m


      58 |     // Try to find and click the promotions link
      59 |     const promotionsLink = page.getByRole('link', { name: /promotions/i });
    > 60 |     await expect(promotionsLink).toBeVisible({ timeout: 10000 });
         |                                  ^
      61 |     await promotionsLink.click();
      62 |     
      63 |     // Should navigate to promotions page
        at /Users/paulhainsworth/BBC-sponsor/tests/sponsor-admin.spec.ts:60:34

    attachment #1: screenshot (image/png) ──────────────────────────────────────────────────────────
    test-results/sponsor-admin-Sponsor-Admi-639c7-navigate-to-promotions-page-chromium/test-failed-1.png
    ────────────────────────────────────────────────────────────────────────────────────────────────

    Error Context: test-results/sponsor-admin-Sponsor-Admi-639c7-navigate-to-promotions-page-chromium/error-context.md


[1A[2K  7) [chromium] › tests/sponsor-admin.spec.ts:22:3 › Sponsor Admin Dashboard › navigation links are visible 

    Error: [2mexpect([22m[31mlocator[39m[2m).[22mtoBeVisible[2m([22m[2m)[22m failed

    Locator: getByRole('link', { name: /profile/i }).or(getByRole('link', { name: /promotions/i })).first()
    Expected: visible
    Timeout: 10000ms
    Error: element(s) not found

    Call log:
    [2m  - Expect "toBeVisible" with timeout 10000ms[22m
    [2m  - waiting for getByRole('link', { name: /profile/i }).or(getByRole('link', { name: /promotions/i })).first()[22m


      32 |     
      33 |     // Wait for at least one navigation link to appear (indicates layout loaded)
    > 34 |     await expect(profileLink.or(promotionsLink).first()).toBeVisible({ timeout: 10000 });
         |                                                          ^
      35 |   });
      36 |
      37 |   test('can navigate to profile page', async ({ sponsorAdminPage: page }) => {
        at /Users/paulhainsworth/BBC-sponsor/tests/sponsor-admin.spec.ts:34:58

    attachment #1: screenshot (image/png) ──────────────────────────────────────────────────────────
    test-results/sponsor-admin-Sponsor-Admi-02751-avigation-links-are-visible-chromium/test-failed-1.png
    ────────────────────────────────────────────────────────────────────────────────────────────────

    Error Context: test-results/sponsor-admin-Sponsor-Admi-02751-avigation-links-are-visible-chromium/error-context.md


[1A[2K  8) [chromium] › tests/sponsor-creation.spec.ts:83:3 › Sponsor Creation Flow › can create sponsor with admin email 

    Error: [2mexpect([22m[31mlocator[39m[2m).[22mtoBeVisible[2m([22m[2m)[22m failed

    Locator: getByLabel(/sponsor name/i)
    Expected: visible
    Timeout: 10000ms
    Error: element(s) not found

    Call log:
    [2m  - Expect "toBeVisible" with timeout 10000ms[22m
    [2m  - waiting for getByLabel(/sponsor name/i)[22m


      113 |     // Wait for form to load
      114 |     await page.waitForTimeout(3000);
    > 115 |     await expect(page.getByLabel(/sponsor name/i)).toBeVisible({ timeout: 10000 });
          |                                                    ^
      116 |     
      117 |     // Fill in sponsor details
      118 |     await page.getByLabel(/sponsor name/i).fill('Test Sponsor');
        at /Users/paulhainsworth/BBC-sponsor/tests/sponsor-creation.spec.ts:115:52

    attachment #1: screenshot (image/png) ──────────────────────────────────────────────────────────
    test-results/sponsor-creation-Sponsor-C-d0640-te-sponsor-with-admin-email-chromium/test-failed-1.png
    ────────────────────────────────────────────────────────────────────────────────────────────────

    Error Context: test-results/sponsor-creation-Sponsor-C-d0640-te-sponsor-with-admin-email-chromium/error-context.md


[1A[2K  8 failed
    [chromium] › tests/sponsor-admin.spec.ts:5:3 › Sponsor Admin Dashboard › dashboard loads and shows sponsor information 
    [chromium] › tests/sponsor-admin.spec.ts:22:3 › Sponsor Admin Dashboard › navigation links are visible 
    [chromium] › tests/sponsor-admin.spec.ts:37:3 › Sponsor Admin Dashboard › can navigate to profile page 
    [chromium] › tests/sponsor-admin.spec.ts:52:3 › Sponsor Admin Dashboard › can navigate to promotions page 
    [chromium] › tests/sponsor-creation.spec.ts:5:3 › Sponsor Creation Flow › sponsor creation form renders all fields 
    [chromium] › tests/sponsor-creation.spec.ts:19:3 › Sponsor Creation Flow › shows validation errors for empty required fields 
    [chromium] › tests/sponsor-creation.spec.ts:41:3 › Sponsor Creation Flow › can create a new sponsor 
    [chromium] › tests/sponsor-creation.spec.ts:83:3 › Sponsor Creation Flow › can create sponsor with admin email 
  4 passed (32.2s)
